// Vitest Snapshot v1, https://vitest.dev/guide/snapshot.html

exports[`namespace-duplicate fixtures > 01-clean-baseline: two facets with distinct namespaces — must produce no findings 1`] = `[]`;

exports[`namespace-duplicate fixtures > 02-two-way-collision: LibStrategies and LibVaults both declare keccak256("myapp.strategies") 1`] = `
[
  {
    "facets": [
      "LibStrategies",
      "LibVaults",
    ],
    "kind": "diamond-storage-namespace",
    "message": "Diamond Storage namespace "myapp.strategies" is declared in 2 different sources, all resolving to the same slot.",
    "namespaces": [
      "myapp.strategies",
    ],
    "severity": "error",
    "slot": "0x84d86c34a05b71953e57fe7dafea685384b33934d9ddaebd0cf7709e74b71bab",
  },
]
`;

exports[`namespace-duplicate fixtures > 03-three-way-collision: three libraries all reach the same slot 1`] = `
[
  {
    "facets": [
      "LibA",
      "LibB",
      "LibC",
    ],
    "kind": "diamond-storage-namespace",
    "message": "Diamond Storage namespace "ns.shared" is declared in 3 different sources, all resolving to the same slot.",
    "namespaces": [
      "ns.shared",
    ],
    "severity": "error",
    "slot": "0xd13bd5e90be137755440c3e99160d27f74c31f3bafaec9e96fc13a9e4dedcb0e",
  },
]
`;

exports[`namespace-duplicate fixtures > 04-shared-prefix-distinct: namespaces share a prefix but resolve to different slots — must not be flagged 1`] = `[]`;

exports[`namespace-duplicate fixtures > 05-mixed-clean-and-collision: four facets — two collide on "myapp.market", two are clean. Only one finding expected. 1`] = `
[
  {
    "facets": [
      "LibMarket",
      "LibOrders",
    ],
    "kind": "diamond-storage-namespace",
    "message": "Diamond Storage namespace "myapp.market" is declared in 2 different sources, all resolving to the same slot.",
    "namespaces": [
      "myapp.market",
    ],
    "severity": "error",
    "slot": "0xb7628c7d936adf786a49041995a8892f2cd9ef93b59ce4133a5cf0d4eae976b6",
  },
]
`;
